 Image ghcr.io/itskryxen/sign-lang-backend:latest Building 
 Image isl-recognition-safety:latest Building 
#1 [internal] load local bake definitions
#1 reading from stdin 1.19kB done
#1 DONE 0.0s

#2 [isl internal] load build definition from Dockerfile
#2 transferring dockerfile: 2.39kB done
#2 DONE 0.0s

#3 [api internal] load build definition from Dockerfile
#3 transferring dockerfile: 1.07kB 0.0s done
#3 DONE 0.1s

#4 [api internal] load metadata for docker.io/library/python:3.12-slim-bookworm
#4 ...

#5 [api internal] load metadata for ghcr.io/astral-sh/uv:python3.12-bookworm-slim
#5 DONE 0.7s

#6 [isl internal] load metadata for docker.io/library/node:20-bookworm-slim
#6 DONE 1.3s

#4 [api internal] load metadata for docker.io/library/python:3.12-slim-bookworm
#4 DONE 1.6s

#7 [api internal] load .dockerignore
#7 transferring context: 154B done
#7 DONE 0.0s

#8 [api builder 1/5] FROM ghcr.io/astral-sh/uv:python3.12-bookworm-slim@sha256:e5b65587bce7de595f299855d7385fe7fca39b8a74baa261ba1b7147afa78e58
#8 DONE 0.0s

#9 [isl stage-1 1/6] FROM docker.io/library/python:3.12-slim-bookworm@sha256:782412e85d0f0984994c290652577d4018aff08145c85b262bb63dc0c7522254
#9 DONE 0.0s

#10 [isl internal] load .dockerignore
#10 transferring context: 298B done
#10 DONE 0.1s

#11 [isl frontend 1/7] FROM docker.io/library/node:20-bookworm-slim@sha256:2cf067cfed83d5ea958367df9f966191a942351a2df77d6f0193e162b5febfc0
#11 DONE 0.0s

#12 [isl internal] load build context
#12 transferring context: 5.05kB 0.0s done
#12 DONE 0.0s

#13 [api internal] load build context
#13 transferring context: 1.57kB done
#13 DONE 0.0s

#14 [api builder 5/5] RUN --mount=type=cache,target=/root/.cache/uv     uv sync --frozen --no-dev --no-editable
#14 CACHED

#15 [api stage-1 5/6] COPY --chown=app:app alembic.ini ./
#15 CACHED

#16 [api builder 3/5] COPY pyproject.toml uv.lock ./
#16 CACHED

#17 [api stage-1 4/6] COPY --from=builder --chown=app:app /app/.venv /app/.venv
#17 CACHED

#18 [api builder 2/5] WORKDIR /build
#18 CACHED

#19 [api builder 4/5] COPY app ./app
#19 CACHED

#20 [api stage-1 3/6] WORKDIR /srv
#20 CACHED

#21 [api stage-1 2/6] RUN groupadd --system app     && useradd --system --gid app app     && mkdir -p /data/uploads /data/recordings     && chown -R app:app /data /srv
#21 CACHED

#22 [api stage-1 6/6] COPY --chown=app:app migrations ./migrations
#22 CACHED

#23 [isl backend  6/16] RUN pip install -r requirements.txt
#23 CACHED

#24 [isl frontend 5/7] RUN npm ci --ignore-scripts
#24 CACHED

#25 [isl backend 11/16] COPY models/openhands/include_slgcn_classes.json ./models/openhands/
#25 CACHED

#26 [isl frontend 3/7] COPY frontend/package.json frontend/package-lock.json ./
#26 CACHED

#27 [isl backend  7/16] COPY backend ./backend
#27 CACHED

#28 [isl backend  5/16] COPY requirements.txt ./
#28 CACHED

#29 [isl backend  3/16] WORKDIR /app
#29 CACHED

#30 [isl frontend 7/7] RUN node scripts/copy-wasm.mjs && npx vite build
#30 CACHED

#31 [isl backend 10/16] COPY models/include/label_map_include.json models/include/label_map_include50.json ./models/include/
#31 CACHED

#32 [isl frontend 4/7] COPY frontend/scripts ./scripts
#32 CACHED

#33 [isl backend 13/16] COPY README.md .env.example ./
#33 CACHED

#34 [isl backend 14/16] COPY --from=frontend /build/frontend/dist ./frontend/dist
#34 CACHED

#35 [isl backend  8/16] COPY scripts ./scripts
#35 CACHED

#36 [isl backend  9/16] COPY models/hwgat/class_map_FDMSE.csv ./models/hwgat/
#36 CACHED

#37 [isl frontend 6/7] COPY frontend ./
#37 CACHED

#38 [isl backend  2/16] RUN apt-get update && apt-get install -y --no-install-recommends         libgl1 libegl1 libgles2 libopengl0 libglib2.0-0 libgomp1 curl unzip ca-certificates     && rm -rf /var/lib/apt/lists/*
#38 CACHED

#39 [isl frontend 2/7] WORKDIR /build/frontend
#39 CACHED

#40 [isl backend 12/16] COPY docs ./docs
#40 CACHED

#41 [isl backend 15/16] COPY docker/entrypoint.sh /entrypoint.sh
#41 CACHED

#42 [isl backend  4/16] RUN pip install --index-url https://download.pytorch.org/whl/cu126 torch
#42 CACHED

#43 [isl backend 16/16] RUN chmod +x /entrypoint.sh
#43 CACHED

#44 [api] exporting to image
#44 exporting layers done
#44 writing image sha256:2081a1879e5b194085ededeb02e1295ef027e6f6f9d4735b5e715ce17abb75dc done
#44 naming to ghcr.io/itskryxen/sign-lang-backend:latest done
#44 DONE 0.0s

#45 [isl] exporting to image
#45 exporting layers done
#45 writing image sha256:bba62e599b4b5261a0dbc50ab10bcd2e83c4e40b1d1c45f4426eeceefe0aca15 0.0s done
#45 naming to docker.io/library/isl-recognition-safety:latest
#45 naming to docker.io/library/isl-recognition-safety:latest done
#45 DONE 0.1s

#46 [api] resolving provenance for metadata file
#46 DONE 0.0s

#47 [isl] resolving provenance for metadata file
#47 DONE 0.0s
 Image ghcr.io/itskryxen/sign-lang-backend:latest Built 
 Image isl-recognition-safety:latest Built 
